Microchip MPLAB XC8 Compiler V2.30

Linker command line:

-W-3 --edf=C:\Program Files\Microchip\xc8\v2.30\pic\dat\en_msgs.txt -cn \
  -h+dist/default/production\Lab08.X.production.sym \
  --cmf=dist/default/production\Lab08.X.production.cmf -z -Q18F26K22 \
  -oC:\Users\fialk\AppData\Local\Temp\seegx2 --defsym=__MPLAB_BUILD=1 \
  -Mdist/default/production/Lab08.X.production.map -E1 -ver=XC8 Compiler \
  --acfsm=1493 -ASTACK=0400h-0F37h -pstack=STACK -ACODE=00h-0FFFFh \
  -ACONST=00h-0FFFFh -ASMALLCONST=01000h-010FFhx240 \
  -AMEDIUMCONST=01000h-0FFFFh -ACOMRAM=01h-05Fh -AABS1=00h-0F37h \
  -ABIGRAM=01h-0F37h -ARAM=060h-0FFh,0100h-01FFhx14,0F00h-0F37h \
  -ABANK0=060h-0FFh -ABANK1=0100h-01FFh -ABANK2=0200h-02FFh \
  -ABANK3=0300h-03FFh -ABANK4=0400h-04FFh -ABANK5=0500h-05FFh \
  -ABANK6=0600h-06FFh -ABANK7=0700h-07FFh -ABANK8=0800h-08FFh \
  -ABANK9=0900h-09FFh -ABANK10=0A00h-0AFFh -ABANK11=0B00h-0BFFh \
  -ABANK12=0C00h-0CFFh -ABANK13=0D00h-0DFFh -ABANK14=0E00h-0EFFh \
  -ABANK15=0F00h-0F37h -ASFR=0F38h-0F5Fh,0F60h-0FFFh \
  -ACONFIG=0300000h-030000Dh -AIDLOC=0200000h-0200007h \
  -AEEDATA=0F00000h-0F003FFh -peeprom_data=EEDATA \
  -preset_vec=00h,intcode=08h,intcodelo,powerup,init -pramtop=01000h \
  -psmallconst=SMALLCONST -pmediumconst=MEDIUMCONST -pconst=CONST \
  -AFARRAM=00h-00h \
  -prdata=COMRAM,nvrram=COMRAM,nvbit=COMRAM,rbss=COMRAM,rbit=COMRAM \
  -pfarbss=FARRAM,fardata=FARRAM,nvFARRAM=FARRAM \
  -pintsave_regs=BIGRAM,bigbss=BIGRAM,bigdata=BIGRAM -pbss=RAM \
  -pidata=CODE,irdata=CODE,ibigdata=CODE,ifardata=CODE -prparam=COMRAM \
  C:\Users\fialk\AppData\Local\Temp\seegxd.o \
  dist/default/production\Lab08.X.production.o 

Object code version is 3.11

Machine type is 18F26K22



                Name                               Link     Load   Length Selector   Space Scale
C:\Users\fialk\AppData\Local\Temp\seegxd.o
                idloc                            200000   200000        8        0       5
                config                           300000   300000        E        0       4
                init                                 4E       4E        4        4       0
                reset_vec                             0        0        4        0       0
dist/default/production\Lab08.X.production.o
                intcode                               8        8       46        4       0
                idloc                            200000   200000        8        0       5
                config                           300000   300000        E        0       4
                temp                                 4D       4D        1        1       1
                mediumconst                        FDD0     FDD0      230     7EE8       0
                text37                             1634     1634       1E        4       0
                text36                             1704     1704        A        4       0
                text35                              EAA      EAA      126        4       0
                text34                             1714     1714        2        4       0
                text33                             155C     155C       36        4       0
                text31                             15E6     15E6       28        4       0
                text30                             16B4     16B4       14        4       0
                text29                             169E     169E       16        4       0
                text28                             16FA     16FA        A        4       0
                text27                             16F0     16F0        A        4       0
                text26                             16E6     16E6        A        4       0
                text25                             14B2     14B2       3E        4       0
                text24                             170E     170E        4        4       0
                text23                             1652     1652       1C        4       0
                text22                             1592     1592       2C        4       0
                text21                             16DC     16DC        A        4       0
                text20                             1526     1526       36        4       0
                text19                             166E     166E       1A        4       0
                text18                             16D2     16D2        A        4       0
                text17                              FD0      FD0      10C        4       0
                text16                             1308     1308       74        4       0
                text15                             160E     160E       26        4       0
                text14                             1688     1688       16        4       0
                text13                             16C8     16C8        A        4       0
                text12                             1272     1272       96        4       0
                text11                             10DC     10DC       D4        4       0
                text10                              BBE      BBE      188        4       0
                text9                               D46      D46      164        4       0
                text8                              1472     1472       40        4       0
                text7                              142E     142E       44        4       0
                text6                              14F0     14F0       36        4       0
                text5                              11B0     11B0       C2        4       0
                text4                               6A4      6A4      2E2        4       0
                text3                               986      986      238        4       0
                text2                              137C     137C       64        4       0
                text1                              15BE     15BE       28        4       0
                text0                                52       52      652        4       0
                cstackCOMRAM                          1        1       3B        1       1
                cstackBANK0                          60       60       5C       60       1
                cstackBANK1                         100      100      100      100       1
                bssBIGRAM                           200      200      200      200       1
                dataBANK0                            E5       E5        2       60       1
                bssBANK0                             BC       BC       29       60       1
                bssCOMRAM                            3C       3C       11        1       1
                cinit                              13E0     13E0       4E        4       0
                idataBANK0                         1712     1712        2        4       0

TOTAL           Name                               Link     Load   Length     Space
        CLASS   STACK          

        CLASS   CODE           
                intcode                               8        8       46         0
                init                                 4E       4E        4         0
                reset_vec                             0        0        4         0
                text37                             1634     1634       1E         0
                text36                             1704     1704        A         0
                text35                              EAA      EAA      126         0
                text34                             1714     1714        2         0
                text33                             155C     155C       36         0
                text31                             15E6     15E6       28         0
                text30                             16B4     16B4       14         0
                text29                             169E     169E       16         0
                text28                             16FA     16FA        A         0
                text27                             16F0     16F0        A         0
                text26                             16E6     16E6        A         0
                text25                             14B2     14B2       3E         0
                text24                             170E     170E        4         0
                text23                             1652     1652       1C         0
                text22                             1592     1592       2C         0
                text21                             16DC     16DC        A         0
                text20                             1526     1526       36         0
                text19                             166E     166E       1A         0
                text18                             16D2     16D2        A         0
                text17                              FD0      FD0      10C         0
                text16                             1308     1308       74         0
                text15                             160E     160E       26         0
                text14                             1688     1688       16         0
                text13                             16C8     16C8        A         0
                text12                             1272     1272       96         0
                text11                             10DC     10DC       D4         0
                text10                              BBE      BBE      188         0
                text9                               D46      D46      164         0
                text8                              1472     1472       40         0
                text7                              142E     142E       44         0
                text6                              14F0     14F0       36         0
                text5                              11B0     11B0       C2         0
                text4                               6A4      6A4      2E2         0
                text3                               986      986      238         0
                text2                              137C     137C       64         0
                text1                              15BE     15BE       28         0
                text0                                52       52      652         0
                cinit                              13E0     13E0       4E         0
                idataBANK0                         1712     1712        2         0

        CLASS   CONST          

        CLASS   SMALLCONST     

        CLASS   MEDIUMCONST    
                mediumconst                        FDD0     FDD0      230         0

        CLASS   COMRAM         
                temp                                 4D       4D        1         1
                cstackCOMRAM                          1        1       3B         1
                bssCOMRAM                            3C       3C       11         1

        CLASS   ABS1           

        CLASS   BIGRAM         
                bssBIGRAM                           200      200      200         1

        CLASS   RAM            

        CLASS   BANK0          
                cstackBANK0                          60       60       5C         1
                dataBANK0                            E5       E5        2         1
                bssBANK0                             BC       BC       29         1

        CLASS   BANK1          
                cstackBANK1                         100      100      100         1

        CLASS   BANK2          

        CLASS   BANK3          

        CLASS   BANK4          

        CLASS   BANK5          

        CLASS   BANK6          

        CLASS   BANK7          

        CLASS   BANK8          

        CLASS   BANK9          

        CLASS   BANK10         

        CLASS   BANK11         

        CLASS   BANK12         

        CLASS   BANK13         

        CLASS   BANK14         

        CLASS   BANK15         

        CLASS   SFR            

        CLASS   CONFIG         
                config                           300000   300000        E         4

        CLASS   IDLOC          
                idloc                            200000   200000        8         5

        CLASS   EEDATA         

        CLASS   FARRAM         



SEGMENTS        Name                           Load    Length   Top    Selector   Space  Class

                reset_vec                      000000  000004  000004         0       0  CODE    
                cstackCOMRAM                   000001  00004D  00004E         1       1  COMRAM  
                intcode                        000008  00170E  001716         4       0  CODE    
                cstackBANK0                    000060  000087  0000E7        60       1  BANK0   
                cstackBANK1                    000100  000100  000200       100       1  BANK1   
                bssBIGRAM                      000200  000200  000400       200       1  BIGRAM  
                mediumconst                    00FDD0  000230  010000      7EE8       0  MEDIUMCO


UNUSED ADDRESS RANGES

        Name                Unused          Largest block    Delta
        BANK0            0000E7-0000FF               19
        BANK10           000A00-000AFF              100
        BANK11           000B00-000BFF              100
        BANK12           000C00-000CFF              100
        BANK13           000D00-000DFF              100
        BANK14           000E00-000EFF              100
        BANK15           000F00-000F37               38
        BANK4            000400-0004FF              100
        BANK5            000500-0005FF              100
        BANK6            000600-0006FF              100
        BANK7            000700-0007FF              100
        BANK8            000800-0008FF              100
        BANK9            000900-0009FF              100
        BIGRAM           00004E-00005F               12
                         0000E7-0000FF               19
                         000400-000F37              B38
        CODE             000004-000007                4
                         001716-00FDCF             E6BA
        COMRAM           00004E-00005F               12
        CONST            000004-000007                4
                         001716-00FDCF             E6BA
        EEDATA           F00000-F003FF              400
        MEDIUMCONST      001716-00FDCF             E6BA
        RAM              0000E7-0000FF               19
                         000400-000F37              100
        SFR              000F38-000FFF               28
        SMALLCONST       001716-00FDCF              100
        STACK            000400-000F37              B38

                                  Symbol Table

?_TMR0_ReadTimer                                cstackCOMRAM 000001
?___aldiv                                       cstackCOMRAM 000013
?___aodiv                                       cstackCOMRAM 000013
?___aomod                                       cstackCOMRAM 000013
?___lwdiv                                       cstackCOMRAM 000013
?___wmul                                        cstackCOMRAM 000013
?_abs                                           cstackCOMRAM 000025
?_ctoa                                          cstackCOMRAM 00001E
?_dtoa                                          cstackCOMRAM 000030
?_pad                                           cstackCOMRAM 000025
?_printf                                        cstackBANK0  000091
?_strlen                                        cstackCOMRAM 000013
?_vfpfcnvrt                                     cstackBANK0  00007A
?_vfprintf                                      cstackBANK0  000089
EUSART1_SetErrorHandler@interruptHandler        cstackCOMRAM 000013
EUSART1_SetFramingErrorHandler@interruptHandler cstackCOMRAM 000013
EUSART1_SetOverrunErrorHandler@interruptHandler cstackCOMRAM 000013
EUSART1_Write@txData                            cstackCOMRAM 000013
TMR0_ReadTimer@readVal                          cstackCOMRAM 000005
TMR0_ReadTimer@readValHigh                      cstackCOMRAM 000008
TMR0_ReadTimer@readValLow                       cstackCOMRAM 000007
TMR0_SetInterruptHandler@InterruptHandler       cstackCOMRAM 000013
TMR0_WriteTimer@timerVal                        cstackCOMRAM 000013
_ADCON0                                         (abs)        000FC2
_ADCON0bits                                     (abs)        000FC2
_ADCON1                                         (abs)        000FC1
_ADCON2                                         (abs)        000FC0
_ADC_Initialize                                 text29       00169E
_ADC_InterruptHandler                           bssCOMRAM    000042
_ADRESH                                         (abs)        000FC4
_ADRESL                                         (abs)        000FC3
_ANSELA                                         (abs)        000F38
_ANSELB                                         (abs)        000F39
_ANSELC                                         (abs)        000F3A
_BAUDCON1                                       (abs)        000FB8
_EUSART1_DefaultErrorHandler                    (abs)        000000
_EUSART1_DefaultFramingErrorHandler             (abs)        000000
_EUSART1_DefaultOverrunErrorHandler             (abs)        000000
_EUSART1_ErrorHandler                           bssBANK0     0000BE
_EUSART1_FramingErrorHandler                    bssBANK0     0000C2
_EUSART1_Initialize                             text25       0014B2
_EUSART1_OverrunErrorHandler                    bssBANK0     0000C0
_EUSART1_Read                                   text31       0015E6
_EUSART1_SetErrorHandler                        text28       0016FA
_EUSART1_SetFramingErrorHandler                 text27       0016F0
_EUSART1_SetOverrunErrorHandler                 text26       0016E6
_EUSART1_Write                                  text14       001688
_EUSART1_is_rx_ready                            text30       0016B4
_INTCON2bits                                    (abs)        000FF1
_INTCONbits                                     (abs)        000FF2
_INTERRUPT_Initialize                           text24       00170E
_INTERRUPT_InterruptManager                     intcode      000008
_LATA                                           (abs)        000F89
_LATB                                           (abs)        000F8A
_LATC                                           (abs)        000F8B
_OSCCON                                         (abs)        000FD3
_OSCCON2                                        (abs)        000FD2
_OSCILLATOR_Initialize                          text23       001652
_OSCTUNE                                        (abs)        000F9B
_PIN_MANAGER_Initialize                         text22       001592
_PIR1bits                                       (abs)        000F9E
_PLLRDY                                         (abs)        007E97
_RCONbits                                       (abs)        000FD0
_RCREG1                                         (abs)        000FAE
_RCSTA1                                         (abs)        000FAB
_RCSTA1bits                                     (abs)        000FAB
_SPBRG1                                         (abs)        000FAF
_SPBRGH1                                        (abs)        000FB0
_SYSTEM_Initialize                              text19       00166E
_T0CON                                          (abs)        000FD5
_T0CONbits                                      (abs)        000FD5
_TMR0H                                          (abs)        000FD7
_TMR0L                                          (abs)        000FD6
_TMR0_DefaultInterruptHandler                   text34       001714
_TMR0_ISR                                       text33       00155C
_TMR0_Initialize                                text20       001526
_TMR0_InterruptHandler                          bssCOMRAM    000046
_TMR0_ReadTimer                                 text37       001634
_TMR0_SetInterruptHandler                       text21       0016DC
_TMR0_WriteTimer                                text18       0016D2
_TRISA                                          (abs)        000F92
_TRISB                                          (abs)        000F93
_TRISC                                          (abs)        000F94
_TXREG1                                         (abs)        000FAD
_TXSTA1                                         (abs)        000FAC
_TXSTA1bits                                     (abs)        000FAC
_WPUB                                           (abs)        000F61
__HRAM                                          (abs)        000000
__Habs1                                         abs1         000000
__Hbank0                                        bank0        000000
__Hbank1                                        bank1        000000
__Hbank10                                       bank10       000000
__Hbank11                                       bank11       000000
__Hbank12                                       bank12       000000
__Hbank13                                       bank13       000000
__Hbank14                                       bank14       000000
__Hbank15                                       bank15       000000
__Hbank2                                        bank2        000000
__Hbank3                                        bank3        000000
__Hbank4                                        bank4        000000
__Hbank5                                        bank5        000000
__Hbank6                                        bank6        000000
__Hbank7                                        bank7        000000
__Hbank8                                        bank8        000000
__Hbank9                                        bank9        000000
__Hbigbss                                       bigbss       000000
__Hbigdata                                      bigdata      000000
__Hbigram                                       bigram       000000
__Hbss                                          bss          000000
__HbssBANK0                                     bssBANK0     000000
__HbssBIGRAM                                    bssBIGRAM    000000
__HbssCOMRAM                                    bssCOMRAM    000000
__Hcinit                                        cinit        000000
__Hclrtext                                      clrtext      000000
__Hcomram                                       comram       000000
__Hconfig                                       config       30000E
__Hconst                                        const        000000
__HcstackBANK0                                  cstackBANK0  000000
__HcstackBANK1                                  cstackBANK1  000000
__HcstackCOMRAM                                 cstackCOMRAM 000000
__Hdata                                         data         000000
__HdataBANK0                                    dataBANK0    000000
__Heeprom_data                                  eeprom_data  000000
__Hfarbss                                       farbss       000000
__Hfardata                                      fardata      000000
__Hibigdata                                     ibigdata     000000
__Hidata                                        idata        000000
__HidataBANK0                                   idataBANK0   000000
__Hidloc                                        idloc        200008
__Hifardata                                     ifardata     000000
__Hinit                                         init         000052
__Hintcode                                      intcode      00004E
__Hintcode_body                                 intcode_body 000000
__Hintcodelo                                    intcodelo    00004E
__Hintentry                                     intentry     000000
__Hintret                                       intret       000000
__Hintsave_regs                                 intsave_regs 000000
__Hirdata                                       irdata       000000
__Hmediumconst                                  mediumconst  010000
__HnvFARRAM                                     nvFARRAM     000000
__Hnvbit                                        nvbit        000000
__Hnvrram                                       nvrram       000000
__Hparam                                        rparam       000000
__Hpowerup                                      powerup      00004E
__Hram                                          ram          000000
__Hramtop                                       ramtop       001000
__Hrbit                                         rbit         000000
__Hrbss                                         rbss         000000
__Hrdata                                        rdata        000000
__Hreset_vec                                    reset_vec    000004
__Hrparam                                       rparam       000000
__Hsfr                                          sfr          000000
__Hsmallconst                                   smallconst   000000
__Hspace_0                                      (abs)        010000
__Hspace_1                                      (abs)        000400
__Hspace_2                                      (abs)        000000
__Hspace_4                                      (abs)        60000E
__Hstack                                        stack        000000
__Hstruct                                       struct       000000
__Htemp                                         temp         00004E
__Htext                                         text         000000
__Htext0                                        text0        000000
__Htext1                                        text1        000000
__Htext10                                       text10       000000
__Htext11                                       text11       000000
__Htext12                                       text12       000000
__Htext13                                       text13       000000
__Htext14                                       text14       000000
__Htext15                                       text15       000000
__Htext16                                       text16       000000
__Htext17                                       text17       000000
__Htext18                                       text18       000000
__Htext19                                       text19       000000
__Htext2                                        text2        000000
__Htext20                                       text20       000000
__Htext21                                       text21       000000
__Htext22                                       text22       000000
__Htext23                                       text23       000000
__Htext24                                       text24       000000
__Htext25                                       text25       000000
__Htext26                                       text26       000000
__Htext27                                       text27       000000
__Htext28                                       text28       000000
__Htext29                                       text29       000000
__Htext3                                        text3        000000
__Htext30                                       text30       000000
__Htext31                                       text31       000000
__Htext33                                       text33       000000
__Htext34                                       text34       000000
__Htext35                                       text35       000000
__Htext36                                       text36       000000
__Htext37                                       text37       000000
__Htext38                                       text38       000000
__Htext4                                        text4        000000
__Htext5                                        text5        000000
__Htext6                                        text6        000000
__Htext7                                        text7        000000
__Htext8                                        text8        000000
__Htext9                                        text9        000000
__LRAM                                          (abs)        000001
__Labs1                                         abs1         000000
__Lbank0                                        bank0        000000
__Lbank1                                        bank1        000000
__Lbank10                                       bank10       000000
__Lbank11                                       bank11       000000
__Lbank12                                       bank12       000000
__Lbank13                                       bank13       000000
__Lbank14                                       bank14       000000
__Lbank15                                       bank15       000000
__Lbank2                                        bank2        000000
__Lbank3                                        bank3        000000
__Lbank4                                        bank4        000000
__Lbank5                                        bank5        000000
__Lbank6                                        bank6        000000
__Lbank7                                        bank7        000000
__Lbank8                                        bank8        000000
__Lbank9                                        bank9        000000
__Lbigbss                                       bigbss       000000
__Lbigdata                                      bigdata      000000
__Lbigram                                       bigram       000000
__Lbss                                          bss          000000
__LbssBANK0                                     bssBANK0     000000
__LbssBIGRAM                                    bssBIGRAM    000000
__LbssCOMRAM                                    bssCOMRAM    000000
__Lcinit                                        cinit        000000
__Lclrtext                                      clrtext      000000
__Lcomram                                       comram       000000
__Lconfig                                       config       000000
__Lconst                                        const        000000
__LcstackBANK0                                  cstackBANK0  000000
__LcstackBANK1                                  cstackBANK1  000000
__LcstackCOMRAM                                 cstackCOMRAM 000000
__Ldata                                         data         000000
__LdataBANK0                                    dataBANK0    000000
__Leeprom_data                                  eeprom_data  000000
__Lfarbss                                       farbss       000000
__Lfardata                                      fardata      000000
__Libigdata                                     ibigdata     000000
__Lidata                                        idata        000000
__LidataBANK0                                   idataBANK0   000000
__Lidloc                                        idloc        000000
__Lifardata                                     ifardata     000000
__Linit                                         init         00004E
__Lintcode                                      intcode      000008
__Lintcode_body                                 intcode_body 000000
__Lintcodelo                                    intcodelo    00004E
__Lintentry                                     intentry     000000
__Lintret                                       intret       000000
__Lintsave_regs                                 intsave_regs 000000
__Lirdata                                       irdata       000000
__Lmediumconst                                  mediumconst  00FDD0
__LnvFARRAM                                     nvFARRAM     000000
__Lnvbit                                        nvbit        000000
__Lnvrram                                       nvrram       000000
__Lparam                                        rparam       000000
__Lpowerup                                      powerup      00004E
__Lram                                          ram          000000
__Lramtop                                       ramtop       001000
__Lrbit                                         rbit         000000
__Lrbss                                         rbss         000000
__Lrdata                                        rdata        000000
__Lreset_vec                                    reset_vec    000000
__Lrparam                                       rparam       000000
__Lsfr                                          sfr          000000
__Lsmallconst                                   smallconst   000000
__Lspace_0                                      (abs)        000000
__Lspace_1                                      (abs)        000000
__Lspace_2                                      (abs)        000000
__Lspace_4                                      (abs)        000000
__Lstack                                        stack        000000
__Lstruct                                       struct       000000
__Ltemp                                         temp         00004D
__Ltext                                         text         000000
__Ltext0                                        text0        000000
__Ltext1                                        text1        000000
__Ltext10                                       text10       000000
__Ltext11                                       text11       000000
__Ltext12                                       text12       000000
__Ltext13                                       text13       000000
__Ltext14                                       text14       000000
__Ltext15                                       text15       000000
__Ltext16                                       text16       000000
__Ltext17                                       text17       000000
__Ltext18                                       text18       000000
__Ltext19                                       text19       000000
__Ltext2                                        text2        000000
__Ltext20                                       text20       000000
__Ltext21                                       text21       000000
__Ltext22                                       text22       000000
__Ltext23                                       text23       000000
__Ltext24                                       text24       000000
__Ltext25                                       text25       000000
__Ltext26                                       text26       000000
__Ltext27                                       text27       000000
__Ltext28                                       text28       000000
__Ltext29                                       text29       000000
__Ltext3                                        text3        000000
__Ltext30                                       text30       000000
__Ltext31                                       text31       000000
__Ltext33                                       text33       000000
__Ltext34                                       text34       000000
__Ltext35                                       text35       000000
__Ltext36                                       text36       000000
__Ltext37                                       text37       000000
__Ltext38                                       text38       000000
__Ltext4                                        text4        000000
__Ltext5                                        text5        000000
__Ltext6                                        text6        000000
__Ltext7                                        text7        000000
__Ltext8                                        text8        000000
__Ltext9                                        text9        000000
__S0                                            (abs)        010000
__S1                                            (abs)        000400
__S2                                            (abs)        000000
__S4                                            (abs)        000000
__S5                                            (abs)        000000
___aldiv                                        text17       000FD0
___aldiv@counter                                cstackCOMRAM 00001B
___aldiv@dividend                               cstackCOMRAM 000013
___aldiv@divisor                                cstackCOMRAM 000017
___aldiv@quotient                               cstackCOMRAM 00001D
___aldiv@sign                                   cstackCOMRAM 00001C
___aodiv                                        text10       000BBE
___aodiv@counter                                cstackCOMRAM 000023
___aodiv@dividend                               cstackCOMRAM 000013
___aodiv@divisor                                cstackCOMRAM 00001B
___aodiv@quotient                               cstackCOMRAM 000025
___aodiv@sign                                   cstackCOMRAM 000024
___aomod                                        text9        000D46
___aomod@counter                                cstackCOMRAM 000023
___aomod@dividend                               cstackCOMRAM 000013
___aomod@divisor                                cstackCOMRAM 00001B
___aomod@sign                                   cstackCOMRAM 000024
___inthi_sp                                     stack        000000
___intlo_sp                                     stack        000000
___lwdiv                                        text16       001308
___lwdiv@counter                                cstackCOMRAM 000017
___lwdiv@dividend                               cstackCOMRAM 000013
___lwdiv@divisor                                cstackCOMRAM 000015
___lwdiv@quotient                               cstackCOMRAM 000018
___param_bank                                   (abs)        000000
___rparam_used                                  (abs)        000001
___sp                                           stack        000000
___wmul                                         text15       00160E
___wmul@multiplicand                            cstackCOMRAM 000015
___wmul@multiplier                              cstackCOMRAM 000013
___wmul@product                                 cstackCOMRAM 000017
__accesstop                                     (abs)        000060
__activetblptr                                  (abs)        000003
__end_of_ADC_Initialize                         text29       0016B4
__end_of_EUSART1_Initialize                     text25       0014F0
__end_of_EUSART1_Read                           text31       00160E
__end_of_EUSART1_SetErrorHandler                text28       001704
__end_of_EUSART1_SetFramingErrorHandler         text27       0016FA
__end_of_EUSART1_SetOverrunErrorHandler         text26       0016F0
__end_of_EUSART1_Write                          text14       00169E
__end_of_EUSART1_is_rx_ready                    text30       0016C8
__end_of_INTERRUPT_Initialize                   text24       001712
__end_of_INTERRUPT_InterruptManager             intcode      00004E
__end_of_OSCILLATOR_Initialize                  text23       00166E
__end_of_PIN_MANAGER_Initialize                 text22       0015BE
__end_of_SYSTEM_Initialize                      text19       001688
__end_of_TMR0_DefaultInterruptHandler           text34       001716
__end_of_TMR0_ISR                               text33       001592
__end_of_TMR0_Initialize                        text20       00155C
__end_of_TMR0_ReadTimer                         text37       001652
__end_of_TMR0_SetInterruptHandler               text21       0016E6
__end_of_TMR0_WriteTimer                        text18       0016DC
__end_of___aldiv                                text17       0010DC
__end_of___aodiv                                text10       000D46
__end_of___aomod                                text9        000EAA
__end_of___lwdiv                                text16       00137C
__end_of___wmul                                 text15       001634
__end_of__initialization                        cinit        001424
__end_of_abs                                    text8        0014B2
__end_of_ctoa                                   text11       0011B0
__end_of_dtoa                                   text4        000986
__end_of_fputc                                  text12       001308
__end_of_fputs                                  text7        001472
__end_of_main                                   text0        0006A4
__end_of_myTMR0ISR                              text35       000FD0
__end_of_pad                                    text5        001272
__end_of_printf                                 text1        0015E6
__end_of_putch                                  text13       0016D2
__end_of_strlen                                 text6        001526
__end_of_vfpfcnvrt                              text3        000BBE
__end_of_vfprintf                               text2        0013E0
__end_ofi2_TMR0_WriteTimer                      text36       00170E
__initialization                                cinit        0013E0
__mediumconst                                   mediumconst  00FDD0
__pbssBANK0                                     bssBANK0     0000BC
__pbssBIGRAM                                    bssBIGRAM    000200
__pbssCOMRAM                                    bssCOMRAM    00003C
__pcinit                                        cinit        0013E0
__pcstackBANK0                                  cstackBANK0  000060
__pcstackBANK1                                  cstackBANK1  000100
__pcstackCOMRAM                                 cstackCOMRAM 000001
__pdataBANK0                                    dataBANK0    0000E5
__pidataBANK0                                   idataBANK0   001712
__pintcode                                      intcode      000008
__pmediumconst                                  mediumconst  00FDD0
__ptext0                                        text0        000052
__ptext1                                        text1        0015BE
__ptext10                                       text10       000BBE
__ptext11                                       text11       0010DC
__ptext12                                       text12       001272
__ptext13                                       text13       0016C8
__ptext14                                       text14       001688
__ptext15                                       text15       00160E
__ptext16                                       text16       001308
__ptext17                                       text17       000FD0
__ptext18                                       text18       0016D2
__ptext19                                       text19       00166E
__ptext2                                        text2        00137C
__ptext20                                       text20       001526
__ptext21                                       text21       0016DC
__ptext22                                       text22       001592
__ptext23                                       text23       001652
__ptext24                                       text24       00170E
__ptext25                                       text25       0014B2
__ptext26                                       text26       0016E6
__ptext27                                       text27       0016F0
__ptext28                                       text28       0016FA
__ptext29                                       text29       00169E
__ptext3                                        text3        000986
__ptext30                                       text30       0016B4
__ptext31                                       text31       0015E6
__ptext33                                       text33       00155C
__ptext34                                       text34       001714
__ptext35                                       text35       000EAA
__ptext36                                       text36       001704
__ptext37                                       text37       001634
__ptext38                                       text38       000000
__ptext4                                        text4        0006A4
__ptext5                                        text5        0011B0
__ptext6                                        text6        0014F0
__ptext7                                        text7        00142E
__ptext8                                        text8        001472
__ptext9                                        text9        000D46
__ramtop                                        ramtop       001000
__size_of_ADC_Initialize                        (abs)        000000
__size_of_EUSART1_Initialize                    (abs)        000000
__size_of_EUSART1_Read                          (abs)        000000
__size_of_EUSART1_SetErrorHandler               (abs)        000000
__size_of_EUSART1_SetFramingErrorHandler        (abs)        000000
__size_of_EUSART1_SetOverrunErrorHandler        (abs)        000000
__size_of_EUSART1_Write                         (abs)        000000
__size_of_EUSART1_is_rx_ready                   (abs)        000000
__size_of_INTERRUPT_Initialize                  (abs)        000000
__size_of_INTERRUPT_InterruptManager            (abs)        000000
__size_of_OSCILLATOR_Initialize                 (abs)        000000
__size_of_PIN_MANAGER_Initialize                (abs)        000000
__size_of_SYSTEM_Initialize                     (abs)        000000
__size_of_TMR0_DefaultInterruptHandler          (abs)        000000
__size_of_TMR0_ISR                              (abs)        000000
__size_of_TMR0_Initialize                       (abs)        000000
__size_of_TMR0_ReadTimer                        (abs)        000000
__size_of_TMR0_SetInterruptHandler              (abs)        000000
__size_of_TMR0_WriteTimer                       (abs)        000000
__size_of___aldiv                               (abs)        000000
__size_of___aodiv                               (abs)        000000
__size_of___aomod                               (abs)        000000
__size_of___lwdiv                               (abs)        000000
__size_of___wmul                                (abs)        000000
__size_of_abs                                   (abs)        000000
__size_of_ctoa                                  (abs)        000000
__size_of_dtoa                                  (abs)        000000
__size_of_fputc                                 (abs)        000000
__size_of_fputs                                 (abs)        000000
__size_of_main                                  (abs)        000000
__size_of_myTMR0ISR                             (abs)        000000
__size_of_pad                                   (abs)        000000
__size_of_printf                                (abs)        000000
__size_of_putch                                 (abs)        000000
__size_of_strlen                                (abs)        000000
__size_of_vfpfcnvrt                             (abs)        000000
__size_of_vfprintf                              (abs)        000000
__size_ofi2_TMR0_WriteTimer                     (abs)        000000
__smallconst                                    smallconst   000000
_abs                                            text8        001472
_adc_reading                                    bssBIGRAM    000200
_bufferIdx                                      bssCOMRAM    000048
_ctoa                                           text11       0010DC
_dbuf                                           bssBANK0     0000C5
_dtoa                                           text4        0006A4
_dtoa$1405                                      cstackBANK0  000068
_eusart1RxLastError                             bssCOMRAM    00004A
_fillBuffer                                     bssCOMRAM    00004C
_flags                                          bssCOMRAM    000040
_fputc                                          text12       001272
_fputs                                          text7        00142E
_main                                           text0        000052
_myTMR0ISR                                      text35       000EAA
_nout                                           bssBANK0     0000BC
_pad                                            text5        0011B0
_prec                                           bssCOMRAM    00003E
_printf                                         text1        0015BE
_putch                                          text13       0016C8
_samplesCollected                               bssBANK0     0000C4
_strlen                                         text6        0014F0
_thresholdRange                                 dataBANK0    0000E5
_timer0ReloadVal                                bssCOMRAM    000044
_timerState                                     bssCOMRAM    00004B
_vfpfcnvrt                                      text3        000986
_vfprintf                                       text2        00137C
_width                                          bssCOMRAM    00003C
abs@a                                           cstackCOMRAM 000025
btemp                                           temp         00004D
ctoa@c                                          cstackCOMRAM 000020
ctoa@fp                                         cstackCOMRAM 00001E
ctoa@l                                          cstackCOMRAM 000022
ctoa@w                                          cstackCOMRAM 000024
dtoa@d                                          cstackCOMRAM 000032
dtoa@fp                                         cstackCOMRAM 000030
dtoa@i                                          cstackBANK0  000078
dtoa@n                                          cstackBANK0  000070
dtoa@p                                          cstackBANK0  00006A
dtoa@s                                          cstackBANK0  00006E
dtoa@w                                          cstackBANK0  00006C
end_of_initialization                           cinit        001424
fputc@c                                         cstackCOMRAM 000015
fputc@fp                                        cstackCOMRAM 000017
fputs@c                                         cstackCOMRAM 000022
fputs@fp                                        cstackCOMRAM 000020
fputs@i                                         cstackCOMRAM 000023
fputs@s                                         cstackCOMRAM 00001E
i2TMR0_WriteTimer@timerVal                      cstackCOMRAM 000009
i2_TMR0_WriteTimer                              text36       001704
int$flags                                       temp         00004D
intlevel0                                       text         000000
intlevel1                                       text         000000
intlevel2                                       text         000000
intlevel3                                       text         000000
main@avgPeriodUs                                cstackBANK0  0000AD
main@cmd                                        cstackBANK0  0000AF
main@crIdx                                      cstackBANK0  0000B6
main@crossings                                  cstackBANK1  000100
main@i                                          cstackBANK0  0000B2
main@i_218                                      cstackBANK0  0000B4
main@i_224                                      cstackBANK0  0000B8
main@i_225                                      cstackBANK0  0000B0
main@i_229                                      cstackBANK0  0000BA
main@periodSum                                  cstackBANK0  0000AB
main@periodSumUs                                cstackBANK0  0000A9
myTMR0ISR@micReading                            cstackCOMRAM 00000D
pad@buf                                         cstackCOMRAM 000027
pad@fp                                          cstackCOMRAM 000025
pad@i                                           cstackCOMRAM 00002C
pad@p                                           cstackCOMRAM 000029
pad@w                                           cstackCOMRAM 00002E
printf@ap                                       cstackBANK0  00009B
printf@fmt                                      cstackBANK0  000091
putch@txData                                    cstackCOMRAM 000014
stackhi                                         (abs)        000F37
stacklo                                         (abs)        000400
start                                           init         00004E
start_initialization                            cinit        0013E0
strlen@a                                        cstackCOMRAM 000015
strlen@s                                        cstackCOMRAM 000013
ttemp5                                          temp         00004E
ttemp6                                          temp         000051
ttemp7                                          temp         000055
vfpfcnvrt@ap                                    cstackBANK0  00007E
vfpfcnvrt@c                                     cstackBANK0  000088
vfpfcnvrt@fmt                                   cstackBANK0  00007C
vfpfcnvrt@fp                                    cstackBANK0  00007A
vfpfcnvrt@ll                                    cstackBANK0  000080
vfprintf@ap                                     cstackBANK0  00008D
vfprintf@cfmt                                   cstackBANK0  00008F
vfprintf@fmt                                    cstackBANK0  00008B
vfprintf@fp                                     cstackBANK0  000089
wtemp8                                          temp         00004E


FUNCTION INFORMATION:

 *************** function _main *****************
 Defined at:
		line 45 in file "main.c"
 Parameters:    Size  Location     Type
		None
 Auto vars:     Size  Location     Type
  i               2   90[BANK0 ] unsigned short 
  i               2   80[BANK0 ] unsigned short 
  i               2   88[BANK0 ] unsigned short 
  i               2   84[BANK0 ] unsigned short 
  crossings     256    0[BANK1 ] unsigned short [128]
  crIdx           2   86[BANK0 ] unsigned short 
  avgPeriodUs     2   77[BANK0 ] unsigned short 
  periodSum       2   75[BANK0 ] unsigned short 
  periodSumUs     2   73[BANK0 ] unsigned short 
  i               2   82[BANK0 ] unsigned short 
  cmd             1   79[BANK0 ] unsigned char 
 Return value:  Size  Location     Type
                  1    wreg      void 
 Registers used:
		wreg, fsr1l, fsr1h, fsr2l, fsr2h, status,2, status,0, tblptrl, tblptrh, tblptru, prodl, prodh, cstack
 Tracked objects:
		On entry : 
		On exit  : 
		Unchanged: 
 Data sizes:     COMRAM   BANK0   BANK1   BANK2   BANK3   BANK4   BANK5   BANK6   BANK7   BANK8   BANK9  BANK10  BANK11  BANK12  BANK13  BANK14  BANK15
      Params:         0       0       0       0       0       0       0       0       0       0       0       0       0       0       0       0       0
      Locals:         0      19     256       0       0       0       0       0       0       0       0       0       0       0       0       0       0
      Temps:          0      12       0       0       0       0       0       0       0       0       0       0       0       0       0       0       0
      Totals:         0      31     256       0       0       0       0       0       0       0       0       0       0       0       0       0       0
Total ram usage:      287 bytes
 Hardware stack levels required when called:   13
 This function calls:
		_EUSART1_Read
		_EUSART1_is_rx_ready
		_SYSTEM_Initialize
		_TMR0_SetInterruptHandler
		_TMR0_WriteTimer
		___aldiv
		___lwdiv
		___wmul
		_printf
 This function is called by:
		Startup code after reset
 This function uses a non-reentrant model


 *************** function _printf *****************
 Defined at:
		line 5 in file "C:\Program Files\Microchip\xc8\v2.30\pic\sources\c99\common\printf.c"
 Parameters:    Size  Location     Type
  fmt             2   49[BANK0 ] PTR const unsigned char 
		 -> STR_29(17), STR_28(23), STR_27(24), STR_26(24), 
		 -> STR_25(24), STR_24(3), STR_23(2), STR_22(6), 
		 -> STR_21(33), STR_20(71), STR_19(43), STR_18(24), 
		 -> STR_17(21), STR_16(7), STR_15(15), STR_14(33), 
		 -> STR_13(30), STR_12(27), STR_11(15), STR_10(35), 
		 -> STR_9(4), STR_8(53), STR_7(4), STR_6(9), 
		 -> STR_5(52), STR_4(3), STR_3(9), STR_2(25), 
		 -> STR_1(11), 
 Auto vars:     Size  Location     Type
  ap              2   59[BANK0 ] PTR void [1]
		 -> ?_printf(2), 
  ret             2    0        int 
 Return value:  Size  Location     Type
                  2   49[BANK0 ] int 
 Registers used:
		wreg, fsr1l, fsr1h, fsr2l, fsr2h, status,2, status,0, tblptrl, tblptrh, tblptru, cstack
 Tracked objects:
		On entry : 
		On exit  : 
		Unchanged: 
 Data sizes:     COMRAM   BANK0   BANK1   BANK2   BANK3   BANK4   BANK5   BANK6   BANK7   BANK8   BANK9  BANK10  BANK11  BANK12  BANK13  BANK14  BANK15
      Params:         0       8       0       0       0       0       0       0       0       0       0       0       0       0       0       0       0
      Locals:         0       4       0       0       0       0       0       0       0       0       0       0       0       0       0       0       0
      Temps:          0       0       0       0       0       0       0       0       0       0       0       0       0       0       0       0       0
      Totals:         0      12       0       0       0       0       0       0       0       0       0       0       0       0       0       0       0
Total ram usage:       12 bytes
 Hardware stack levels used:    1
 Hardware stack levels required when called:   12
 This function calls:
		_vfprintf
 This function is called by:
		_main
 This function uses a non-reentrant model


 *************** function _vfprintf *****************
 Defined at:
		line 1390 in file "C:\Program Files\Microchip\xc8\v2.30\pic\sources\c99\common\doprnt.c"
 Parameters:    Size  Location     Type
  fp              2   41[BANK0 ] PTR struct _IO_FILE
		 -> NULL(0), 
  fmt             2   43[BANK0 ] PTR const unsigned char 
		 -> STR_29(17), STR_28(23), STR_27(24), STR_26(24), 
		 -> STR_25(24), STR_24(3), STR_23(2), STR_22(6), 
		 -> STR_21(33), STR_20(71), STR_19(43), STR_18(24), 
		 -> STR_17(21), STR_16(7), STR_15(15), STR_14(33), 
		 -> STR_13(30), STR_12(27), STR_11(15), STR_10(35), 
		 -> STR_9(4), STR_8(53), STR_7(4), STR_6(9), 
		 -> STR_5(52), STR_4(3), STR_3(9), STR_2(25), 
		 -> STR_1(11), 
  ap              2   45[BANK0 ] PTR PTR void 
		 -> printf@ap(2), 
 Auto vars:     Size  Location     Type
  cfmt            2   47[BANK0 ] PTR unsigned char 
		 -> STR_29(17), STR_28(23), STR_27(24), STR_26(24), 
		 -> STR_25(24), STR_24(3), STR_23(2), STR_22(6), 
		 -> STR_21(33), STR_20(71), STR_19(43), STR_18(24), 
		 -> STR_17(21), STR_16(7), STR_15(15), STR_14(33), 
		 -> STR_13(30), STR_12(27), STR_11(15), STR_10(35), 
		 -> STR_9(4), STR_8(53), STR_7(4), STR_6(9), 
		 -> STR_5(52), STR_4(3), STR_3(9), STR_2(25), 
		 -> STR_1(11), 
 Return value:  Size  Location     Type
                  2   41[BANK0 ] int 
 Registers used:
		wreg, fsr1l, fsr1h, fsr2l, fsr2h, status,2, status,0, tblptrl, tblptrh, tblptru, cstack
 Tracked objects:
		On entry : 
		On exit  : 
		Unchanged: 
 Data sizes:     COMRAM   BANK0   BANK1   BANK2   BANK3   BANK4   BANK5   BANK6   BANK7   BANK8   BANK9  BANK10  BANK11  BANK12  BANK13  BANK14  BANK15
      Params:         0       6       0       0       0       0       0       0       0       0       0       0       0       0       0       0       0
      Locals:         0       2       0       0       0       0       0       0       0       0       0       0       0       0       0       0       0
      Temps:          0       0       0       0       0       0       0       0       0       0       0       0       0       0       0       0       0
      Totals:         0       8       0       0       0       0       0       0       0       0       0       0       0       0       0       0       0
Total ram usage:        8 bytes
 Hardware stack levels used:    1
 Hardware stack levels required when called:   11
 This function calls:
		_vfpfcnvrt
 This function is called by:
		_printf
 This function uses a non-reentrant model


 *************** function _vfpfcnvrt *****************
 Defined at:
		line 692 in file "C:\Program Files\Microchip\xc8\v2.30\pic\sources\c99\common\doprnt.c"
 Parameters:    Size  Location     Type
  fp              2   26[BANK0 ] PTR struct _IO_FILE
		 -> NULL(0), 
  fmt             2   28[BANK0 ] PTR PTR unsigned char 
		 -> vfprintf@cfmt(2), 
  ap              2   30[BANK0 ] PTR PTR void 
		 -> printf@ap(2), 
 Auto vars:     Size  Location     Type
  ll              8   32[BANK0 ] long long 
  llu             8    0        unsigned long long 
  f               4    0        unsigned long long 
  vp              3    0        PTR void 
  ct              3    0        unsigned char [3]
  cp              3    0        PTR unsigned char 
  i               2    0        int 
  done            2    0        int 
  c               1   40[BANK0 ] unsigned char 
 Return value:  Size  Location     Type
                  2   26[BANK0 ] int 
 Registers used:
		wreg, fsr1l, fsr1h, fsr2l, fsr2h, status,2, status,0, tblptrl, tblptrh, tblptru, cstack
 Tracked objects:
		On entry : 
		On exit  : 
		Unchanged: 
 Data sizes:     COMRAM   BANK0   BANK1   BANK2   BANK3   BANK4   BANK5   BANK6   BANK7   BANK8   BANK9  BANK10  BANK11  BANK12  BANK13  BANK14  BANK15
      Params:         0       6       0       0       0       0       0       0       0       0       0       0       0       0       0       0       0
      Locals:         0       9       0       0       0       0       0       0       0       0       0       0       0       0       0       0       0
      Temps:          2       0       0       0       0       0       0       0       0       0       0       0       0       0       0       0       0
      Totals:         2      15       0       0       0       0       0       0       0       0       0       0       0       0       0       0       0
Total ram usage:       17 bytes
 Hardware stack levels used:    1
 Hardware stack levels required when called:   10
 This function calls:
		_ctoa
		_dtoa
		_fputc
 This function is called by:
		_vfprintf
 This function uses a non-reentrant model


 *************** function _dtoa *****************
 Defined at:
		line 287 in file "C:\Program Files\Microchip\xc8\v2.30\pic\sources\c99\common\doprnt.c"
 Parameters:    Size  Location     Type
  fp              2   47[COMRAM] PTR struct _IO_FILE
		 -> NULL(0), 
  d               8   49[COMRAM] long long 
 Auto vars:     Size  Location     Type
  n               8   16[BANK0 ] long long 
  i               2   24[BANK0 ] int 
  s               2   14[BANK0 ] int 
  w               2   12[BANK0 ] int 
  p               2   10[BANK0 ] int 
 Return value:  Size  Location     Type
                  2   47[COMRAM] int 
 Registers used:
		wreg, fsr1l, fsr1h, fsr2l, fsr2h, status,2, status,0, cstack
 Tracked objects:
		On entry : 
		On exit  : 
		Unchanged: 
 Data sizes:     COMRAM   BANK0   BANK1   BANK2   BANK3   BANK4   BANK5   BANK6   BANK7   BANK8   BANK9  BANK10  BANK11  BANK12  BANK13  BANK14  BANK15
      Params:        10       0       0       0       0       0       0       0       0       0       0       0       0       0       0       0       0
      Locals:         0      18       0       0       0       0       0       0       0       0       0       0       0       0       0       0       0
      Temps:          0       8       0       0       0       0       0       0       0       0       0       0       0       0       0       0       0
      Totals:        10      26       0       0       0       0       0       0       0       0       0       0       0       0       0       0       0
Total ram usage:       36 bytes
 Hardware stack levels used:    1
 Hardware stack levels required when called:    9
 This function calls:
		___aodiv
		___aomod
		_abs
		_pad
 This function is called by:
		_vfpfcnvrt
 This function uses a non-reentrant model


 *************** function _pad *****************
 Defined at:
		line 72 in file "C:\Program Files\Microchip\xc8\v2.30\pic\sources\c99\common\doprnt.c"
 Parameters:    Size  Location     Type
  fp              2   36[COMRAM] PTR struct _IO_FILE
		 -> NULL(0), 
  buf             2   38[COMRAM] PTR unsigned char 
		 -> dbuf(32), 
  p               2   40[COMRAM] int 
 Auto vars:     Size  Location     Type
  w               2   45[COMRAM] int 
  i               2   43[COMRAM] int 
 Return value:  Size  Location     Type
                  2   36[COMRAM] int 
 Registers used:
		wreg, fsr1l, fsr1h, fsr2l, fsr2h, status,2, status,0, cstack
 Tracked objects:
		On entry : 
		On exit  : 
		Unchanged: 
 Data sizes:     COMRAM   BANK0   BANK1   BANK2   BANK3   BANK4   BANK5   BANK6   BANK7   BANK8   BANK9  BANK10  BANK11  BANK12  BANK13  BANK14  BANK15
      Params:         6       0       0       0       0       0       0       0       0       0       0       0       0       0       0       0       0
      Locals:         4       0       0       0       0       0       0       0       0       0       0       0       0       0       0       0       0
      Temps:          1       0       0       0       0       0       0       0       0       0       0       0       0       0       0       0       0
      Totals:        11       0       0       0       0       0       0       0       0       0       0       0       0       0       0       0       0
Total ram usage:       11 bytes
 Hardware stack levels used:    1
 Hardware stack levels required when called:    8
 This function calls:
		_fputc
		_fputs
		_strlen
 This function is called by:
		_dtoa
 This function uses a non-reentrant model


 *************** function _strlen *****************
 Defined at:
		line 5 in file "C:\Program Files\Microchip\xc8\v2.30\pic\sources\c99\common\strlen.c"
 Parameters:    Size  Location     Type
  s               2   18[COMRAM] PTR const unsigned char 
		 -> dbuf(32), 
 Auto vars:     Size  Location     Type
  a               2   20[COMRAM] PTR const unsigned char 
		 -> dbuf(32), 
 Return value:  Size  Location     Type
                  2   18[COMRAM] unsigned int 
 Registers used:
		wreg, fsr2l, fsr2h, status,2, status,0
 Tracked objects:
		On entry : 
		On exit  : 
		Unchanged: 
 Data sizes:     COMRAM   BANK0   BANK1   BANK2   BANK3   BANK4   BANK5   BANK6   BANK7   BANK8   BANK9  BANK10  BANK11  BANK12  BANK13  BANK14  BANK15
      Params:         2       0       0       0       0       0       0       0       0       0       0       0       0       0       0       0       0
      Locals:         2       0       0       0       0       0       0       0       0       0       0       0       0       0       0       0       0
      Temps:          0       0       0       0       0       0       0       0       0       0       0       0       0       0       0       0       0
      Totals:         4       0       0       0       0       0       0       0       0       0       0       0       0       0       0       0       0
Total ram usage:        4 bytes
 Hardware stack levels used:    1
 Hardware stack levels required when called:    4
 This function calls:
		Nothing
 This function is called by:
		_pad
 This function uses a non-reentrant model


 *************** function _fputs *****************
 Defined at:
		line 8 in file "C:\Program Files\Microchip\xc8\v2.30\pic\sources\c99\common\nf_fputs.c"
 Parameters:    Size  Location     Type
  s               2   29[COMRAM] PTR const unsigned char 
		 -> dbuf(32), 
  fp              2   31[COMRAM] PTR struct _IO_FILE
		 -> NULL(0), 
 Auto vars:     Size  Location     Type
  i               2   34[COMRAM] int 
  c               1   33[COMRAM] unsigned char 
 Return value:  Size  Location     Type
                  2   29[COMRAM] int 
 Registers used:
		wreg, fsr1l, fsr1h, fsr2l, fsr2h, status,2, status,0, cstack
 Tracked objects:
		On entry : 
		On exit  : 
		Unchanged: 
 Data sizes:     COMRAM   BANK0   BANK1   BANK2   BANK3   BANK4   BANK5   BANK6   BANK7   BANK8   BANK9  BANK10  BANK11  BANK12  BANK13  BANK14  BANK15
      Params:         4       0       0       0       0       0       0       0       0       0       0       0       0       0       0       0       0
      Locals:         3       0       0       0       0       0       0       0       0       0       0       0       0       0       0       0       0
      Temps:          0       0       0       0       0       0       0       0       0       0       0       0       0       0       0       0       0
      Totals:         7       0       0       0       0       0       0       0       0       0       0       0       0       0       0       0       0
Total ram usage:        7 bytes
 Hardware stack levels used:    1
 Hardware stack levels required when called:    7
 This function calls:
		_fputc
 This function is called by:
		_pad
 This function uses a non-reentrant model


 *************** function _abs *****************
 Defined at:
		line 1 in file "C:\Program Files\Microchip\xc8\v2.30\pic\sources\c99\common\abs.c"
 Parameters:    Size  Location     Type
  a               2   36[COMRAM] int 
 Auto vars:     Size  Location     Type
		None
 Return value:  Size  Location     Type
                  2   36[COMRAM] int 
 Registers used:
		wreg, status,2, status,0
 Tracked objects:
		On entry : 
		On exit  : 
		Unchanged: 
 Data sizes:     COMRAM   BANK0   BANK1   BANK2   BANK3   BANK4   BANK5   BANK6   BANK7   BANK8   BANK9  BANK10  BANK11  BANK12  BANK13  BANK14  BANK15
      Params:         2       0       0       0       0       0       0       0       0       0       0       0       0       0       0       0       0
      Locals:         0       0       0       0       0       0       0       0       0       0       0       0       0       0       0       0       0
      Temps:          2       0       0       0       0       0       0       0       0       0       0       0       0       0       0       0       0
      Totals:         4       0       0       0       0       0       0       0       0       0       0       0       0       0       0       0       0
Total ram usage:        4 bytes
 Hardware stack levels used:    1
 Hardware stack levels required when called:    4
 This function calls:
		Nothing
 This function is called by:
		_dtoa
 This function uses a non-reentrant model


 *************** function ___aomod *****************
 Defined at:
		line 9 in file "C:\Program Files\Microchip\xc8\v2.30\pic\sources\c99\common\aomod.c"
 Parameters:    Size  Location     Type
  dividend        8   18[COMRAM] long long 
  divisor         8   26[COMRAM] long long 
 Auto vars:     Size  Location     Type
  sign            1   35[COMRAM] unsigned char 
  counter         1   34[COMRAM] unsigned char 
 Return value:  Size  Location     Type
                  8   18[COMRAM] long long 
 Registers used:
		wreg, status,2, status,0
 Tracked objects:
		On entry : 
		On exit  : 
		Unchanged: 
 Data sizes:     COMRAM   BANK0   BANK1   BANK2   BANK3   BANK4   BANK5   BANK6   BANK7   BANK8   BANK9  BANK10  BANK11  BANK12  BANK13  BANK14  BANK15
      Params:        16       0       0       0       0       0       0       0       0       0       0       0       0       0       0       0       0
      Locals:         2       0       0       0       0       0       0       0       0       0       0       0       0       0       0       0       0
      Temps:          0       0       0       0       0       0       0       0       0       0       0       0       0       0       0       0       0
      Totals:        18       0       0       0       0       0       0       0       0       0       0       0       0       0       0       0       0
Total ram usage:       18 bytes
 Hardware stack levels used:    1
 Hardware stack levels required when called:    4
 This function calls:
		Nothing
 This function is called by:
		_dtoa
 This function uses a non-reentrant model


 *************** function ___aodiv *****************
 Defined at:
		line 9 in file "C:\Program Files\Microchip\xc8\v2.30\pic\sources\c99\common\aodiv.c"
 Parameters:    Size  Location     Type
  dividend        8   18[COMRAM] long long 
  divisor         8   26[COMRAM] long long 
 Auto vars:     Size  Location     Type
  quotient        8   36[COMRAM] long long 
  sign            1   35[COMRAM] unsigned char 
  counter         1   34[COMRAM] unsigned char 
 Return value:  Size  Location     Type
                  8   18[COMRAM] long long 
 Registers used:
		wreg, fsr2l, fsr2h, status,2, status,0
 Tracked objects:
		On entry : 
		On exit  : 
		Unchanged: 
 Data sizes:     COMRAM   BANK0   BANK1   BANK2   BANK3   BANK4   BANK5   BANK6   BANK7   BANK8   BANK9  BANK10  BANK11  BANK12  BANK13  BANK14  BANK15
      Params:        16       0       0       0       0       0       0       0       0       0       0       0       0       0       0       0       0
      Locals:        10       0       0       0       0       0       0       0       0       0       0       0       0       0       0       0       0
      Temps:          0       0       0       0       0       0       0       0       0       0       0       0       0       0       0       0       0
      Totals:        26       0       0       0       0       0       0       0       0       0       0       0       0       0       0       0       0
Total ram usage:       26 bytes
 Hardware stack levels used:    1
 Hardware stack levels required when called:    4
 This function calls:
		Nothing
 This function is called by:
		_dtoa
 This function uses a non-reentrant model


 *************** function _ctoa *****************
 Defined at:
		line 259 in file "C:\Program Files\Microchip\xc8\v2.30\pic\sources\c99\common\doprnt.c"
 Parameters:    Size  Location     Type
  fp              2   29[COMRAM] PTR struct _IO_FILE
		 -> NULL(0), 
  c               1   31[COMRAM] unsigned char 
 Auto vars:     Size  Location     Type
  w               2   35[COMRAM] int 
  l               2   33[COMRAM] int 
 Return value:  Size  Location     Type
                  2   29[COMRAM] int 
 Registers used:
		wreg, fsr1l, fsr1h, fsr2l, fsr2h, status,2, status,0, cstack
 Tracked objects:
		On entry : 
		On exit  : 
		Unchanged: 
 Data sizes:     COMRAM   BANK0   BANK1   BANK2   BANK3   BANK4   BANK5   BANK6   BANK7   BANK8   BANK9  BANK10  BANK11  BANK12  BANK13  BANK14  BANK15
      Params:         3       0       0       0       0       0       0       0       0       0       0       0       0       0       0       0       0
      Locals:         4       0       0       0       0       0       0       0       0       0       0       0       0       0       0       0       0
      Temps:          1       0       0       0       0       0       0       0       0       0       0       0       0       0       0       0       0
      Totals:         8       0       0       0       0       0       0       0       0       0       0       0       0       0       0       0       0
Total ram usage:        8 bytes
 Hardware stack levels used:    1
 Hardware stack levels required when called:    7
 This function calls:
		_fputc
 This function is called by:
		_vfpfcnvrt
 This function uses a non-reentrant model


 *************** function _fputc *****************
 Defined at:
		line 8 in file "C:\Program Files\Microchip\xc8\v2.30\pic\sources\c99\common\nf_fputc.c"
 Parameters:    Size  Location     Type
  c               2   20[COMRAM] int 
  fp              2   22[COMRAM] PTR struct _IO_FILE
		 -> NULL(0), 
 Auto vars:     Size  Location     Type
		None
 Return value:  Size  Location     Type
                  2   20[COMRAM] int 
 Registers used:
		wreg, fsr1l, fsr1h, fsr2l, fsr2h, status,2, status,0, cstack
 Tracked objects:
		On entry : 
		On exit  : 
		Unchanged: 
 Data sizes:     COMRAM   BANK0   BANK1   BANK2   BANK3   BANK4   BANK5   BANK6   BANK7   BANK8   BANK9  BANK10  BANK11  BANK12  BANK13  BANK14  BANK15
      Params:         4       0       0       0       0       0       0       0       0       0       0       0       0       0       0       0       0
      Locals:         0       0       0       0       0       0       0       0       0       0       0       0       0       0       0       0       0
      Temps:          5       0       0       0       0       0       0       0       0       0       0       0       0       0       0       0       0
      Totals:         9       0       0       0       0       0       0       0       0       0       0       0       0       0       0       0       0
Total ram usage:        9 bytes
 Hardware stack levels used:    1
 Hardware stack levels required when called:    6
 This function calls:
		_putch
 This function is called by:
		_pad
		_ctoa
		_vfpfcnvrt
		_fputs
 This function uses a non-reentrant model


 *************** function _putch *****************
 Defined at:
		line 146 in file "mcc_generated_files/eusart1.c"
 Parameters:    Size  Location     Type
  txData          1    wreg     unsigned char 
 Auto vars:     Size  Location     Type
  txData          1   19[COMRAM] unsigned char 
 Return value:  Size  Location     Type
                  1    wreg      void 
 Registers used:
		wreg, status,2, cstack
 Tracked objects:
		On entry : 
		On exit  : 
		Unchanged: 
 Data sizes:     COMRAM   BANK0   BANK1   BANK2   BANK3   BANK4   BANK5   BANK6   BANK7   BANK8   BANK9  BANK10  BANK11  BANK12  BANK13  BANK14  BANK15
      Params:         0       0       0       0       0       0       0       0       0       0       0       0       0       0       0       0       0
      Locals:         1       0       0       0       0       0       0       0       0       0       0       0       0       0       0       0       0
      Temps:          0       0       0       0       0       0       0       0       0       0       0       0       0       0       0       0       0
      Totals:         1       0       0       0       0       0       0       0       0       0       0       0       0       0       0       0       0
Total ram usage:        1 bytes
 Hardware stack levels used:    1
 Hardware stack levels required when called:    5
 This function calls:
		_EUSART1_Write
 This function is called by:
		_fputc
 This function uses a non-reentrant model


 *************** function _EUSART1_Write *****************
 Defined at:
		line 132 in file "mcc_generated_files/eusart1.c"
 Parameters:    Size  Location     Type
  txData          1    wreg     unsigned char 
 Auto vars:     Size  Location     Type
  txData          1   18[COMRAM] unsigned char 
 Return value:  Size  Location     Type
                  1    wreg      void 
 Registers used:
		wreg
 Tracked objects:
		On entry : 
		On exit  : 
		Unchanged: 
 Data sizes:     COMRAM   BANK0   BANK1   BANK2   BANK3   BANK4   BANK5   BANK6   BANK7   BANK8   BANK9  BANK10  BANK11  BANK12  BANK13  BANK14  BANK15
      Params:         0       0       0       0       0       0       0       0       0       0       0       0       0       0       0       0       0
      Locals:         1       0       0       0       0       0       0       0       0       0       0       0       0       0       0       0       0
      Temps:          0       0       0       0       0       0       0       0       0       0       0       0       0       0       0       0       0
      Totals:         1       0       0       0       0       0       0       0       0       0       0       0       0       0       0       0       0
Total ram usage:        1 bytes
 Hardware stack levels used:    1
[...]
  interruptHan    2   18[COMRAM] PTR FTN()void 
		 -> EUSART1_DefaultFramingErrorHandler(1), 
 Auto vars:     Size  Location     Type
		None
 Return value:  Size  Location     Type
                  1    wreg      void 
 Registers used:
		wreg, status,2, status,0
 Tracked objects:
		On entry : 
		On exit  : 
		Unchanged: 
 Data sizes:     COMRAM   BANK0   BANK1   BANK2   BANK3   BANK4   BANK5   BANK6   BANK7   BANK8   BANK9  BANK10  BANK11  BANK12  BANK13  BANK14  BANK15
      Params:         2       0       0       0       0       0       0       0       0       0       0       0       0       0       0       0       0
      Locals:         0       0       0       0       0       0       0       0       0       0       0       0       0       0       0       0       0
      Temps:          0       0       0       0       0       0       0       0       0       0       0       0       0       0       0       0       0
      Totals:         2       0       0       0       0       0       0       0       0       0       0       0       0       0       0       0       0
Total ram usage:        2 bytes
 Hardware stack levels used:    1
 Hardware stack levels required when called:    4
 This function calls:
		Nothing
 This function is called by:
		_EUSART1_Initialize
 This function uses a non-reentrant model


 *************** function _EUSART1_SetErrorHandler *****************
 Defined at:
		line 174 in file "mcc_generated_files/eusart1.c"
 Parameters:    Size  Location     Type
  interruptHan    2   18[COMRAM] PTR FTN()void 
		 -> EUSART1_DefaultErrorHandler(1), 
 Auto vars:     Size  Location     Type
		None
 Return value:  Size  Location     Type
                  1    wreg      void 
 Registers used:
		wreg, status,2, status,0
 Tracked objects:
		On entry : 
		On exit  : 
		Unchanged: 
 Data sizes:     COMRAM   BANK0   BANK1   BANK2   BANK3   BANK4   BANK5   BANK6   BANK7   BANK8   BANK9  BANK10  BANK11  BANK12  BANK13  BANK14  BANK15
      Params:         2       0       0       0       0       0       0       0       0       0       0       0       0       0       0       0       0
      Locals:         0       0       0       0       0       0       0       0       0       0       0       0       0       0       0       0       0
      Temps:          0       0       0       0       0       0       0       0       0       0       0       0       0       0       0       0       0
      Totals:         2       0       0       0       0       0       0       0       0       0       0       0       0       0       0       0       0
Total ram usage:        2 bytes
 Hardware stack levels used:    1
 Hardware stack levels required when called:    4
 This function calls:
		Nothing
 This function is called by:
		_EUSART1_Initialize
 This function uses a non-reentrant model


 *************** function _ADC_Initialize *****************
 Defined at:
		line 62 in file "mcc_generated_files/adc.c"
 Parameters:    Size  Location     Type
		None
 Auto vars:     Size  Location     Type
		None
 Return value:  Size  Location     Type
                  1    wreg      void 
 Registers used:
		wreg, status,2
 Tracked objects:
		On entry : 
		On exit  : 
		Unchanged: 
 Data sizes:     COMRAM   BANK0   BANK1   BANK2   BANK3   BANK4   BANK5   BANK6   BANK7   BANK8   BANK9  BANK10  BANK11  BANK12  BANK13  BANK14  BANK15
      Params:         0       0       0       0       0       0       0       0       0       0       0       0       0       0       0       0       0
      Locals:         0       0       0       0       0       0       0       0       0       0       0       0       0       0       0       0       0
      Temps:          0       0       0       0       0       0       0       0       0       0       0       0       0       0       0       0       0
      Totals:         0       0       0       0       0       0       0       0       0       0       0       0       0       0       0       0       0
Total ram usage:        0 bytes
 Hardware stack levels used:    1
 Hardware stack levels required when called:    4
 This function calls:
		Nothing
 This function is called by:
		_SYSTEM_Initialize
 This function uses a non-reentrant model


 *************** function _EUSART1_is_rx_ready *****************
 Defined at:
		line 99 in file "mcc_generated_files/eusart1.c"
 Parameters:    Size  Location     Type
		None
 Auto vars:     Size  Location     Type
		None
 Return value:  Size  Location     Type
                  1    wreg      _Bool 
 Registers used:
		wreg
 Tracked objects:
		On entry : 
		On exit  : 
		Unchanged: 
 Data sizes:     COMRAM   BANK0   BANK1   BANK2   BANK3   BANK4   BANK5   BANK6   BANK7   BANK8   BANK9  BANK10  BANK11  BANK12  BANK13  BANK14  BANK15
      Params:         0       0       0       0       0       0       0       0       0       0       0       0       0       0       0       0       0
      Locals:         0       0       0       0       0       0       0       0       0       0       0       0       0       0       0       0       0
      Temps:          0       0       0       0       0       0       0       0       0       0       0       0       0       0       0       0       0
      Totals:         0       0       0       0       0       0       0       0       0       0       0       0       0       0       0       0       0
Total ram usage:        0 bytes
 Hardware stack levels used:    1
 Hardware stack levels required when called:    4
 This function calls:
		Nothing
 This function is called by:
		_main
 This function uses a non-reentrant model


 *************** function _EUSART1_Read *****************
 Defined at:
		line 113 in file "mcc_generated_files/eusart1.c"
 Parameters:    Size  Location     Type
		None
 Auto vars:     Size  Location     Type
		None
 Return value:  Size  Location     Type
                  1    wreg      unsigned char 
 Registers used:
		wreg, status,2
 Tracked objects:
		On entry : 
		On exit  : 
		Unchanged: 
 Data sizes:     COMRAM   BANK0   BANK1   BANK2   BANK3   BANK4   BANK5   BANK6   BANK7   BANK8   BANK9  BANK10  BANK11  BANK12  BANK13  BANK14  BANK15
      Params:         0       0       0       0       0       0       0       0       0       0       0       0       0       0       0       0       0
      Locals:         0       0       0       0       0       0       0       0       0       0       0       0       0       0       0       0       0
      Temps:          0       0       0       0       0       0       0       0       0       0       0       0       0       0       0       0       0
      Totals:         0       0       0       0       0       0       0       0       0       0       0       0       0       0       0       0       0
Total ram usage:        0 bytes
 Hardware stack levels used:    1
 Hardware stack levels required when called:    4
 This function calls:
		Nothing
 This function is called by:
		_main
		_getch
 This function uses a non-reentrant model


 *************** function _INTERRUPT_InterruptManager *****************
 Defined at:
		line 58 in file "mcc_generated_files/interrupt_manager.c"
 Parameters:    Size  Location     Type
		None
 Auto vars:     Size  Location     Type
		None
 Return value:  Size  Location     Type
                  1    wreg      void 
 Registers used:
		wreg, fsr2l, fsr2h, status,2, status,0, pclath, tosl, cstack
 Tracked objects:
		On entry : 
		On exit  : 
		Unchanged: 
 Data sizes:     COMRAM   BANK0   BANK1   BANK2   BANK3   BANK4   BANK5   BANK6   BANK7   BANK8   BANK9  BANK10  BANK11  BANK12  BANK13  BANK14  BANK15
      Params:         0       0       0       0       0       0       0       0       0       0       0       0       0       0       0       0       0
      Locals:         0       0       0       0       0       0       0       0       0       0       0       0       0       0       0       0       0
      Temps:          4       0       0       0       0       0       0       0       0       0       0       0       0       0       0       0       0
      Totals:         4       0       0       0       0       0       0       0       0       0       0       0       0       0       0       0       0
Total ram usage:        4 bytes
 Hardware stack levels used:    1
 Hardware stack levels required when called:    3
 This function calls:
		_TMR0_ISR
 This function is called by:
		Interrupt level 2
 This function uses a non-reentrant model


 *************** function _TMR0_ISR *****************
 Defined at:
		line 136 in file "mcc_generated_files/tmr0.c"
 Parameters:    Size  Location     Type
		None
 Auto vars:     Size  Location     Type
		None
 Return value:  Size  Location     Type
                  1    wreg      void 
 Registers used:
		wreg, fsr2l, fsr2h, status,2, status,0, pclath, tosl, cstack
 Tracked objects:
		On entry : 
		On exit  : 
		Unchanged: 
 Data sizes:     COMRAM   BANK0   BANK1   BANK2   BANK3   BANK4   BANK5   BANK6   BANK7   BANK8   BANK9  BANK10  BANK11  BANK12  BANK13  BANK14  BANK15
      Params:         0       0       0       0       0       0       0       0       0       0       0       0       0       0       0       0       0
      Locals:         0       0       0       0       0       0       0       0       0       0       0       0       0       0       0       0       0
      Temps:          0       0       0       0       0       0       0       0       0       0       0       0       0       0       0       0       0
      Totals:         0       0       0       0       0       0       0       0       0       0       0       0       0       0       0       0       0
Total ram usage:        0 bytes
 Hardware stack levels used:    1
 Hardware stack levels required when called:    2
 This function calls:
		Absolute function
		_TMR0_DefaultInterruptHandler
		_myTMR0ISR
 This function is called by:
		_INTERRUPT_InterruptManager
 This function uses a non-reentrant model


 *************** function _TMR0_DefaultInterruptHandler *****************
 Defined at:
		line 160 in file "mcc_generated_files/tmr0.c"
 Parameters:    Size  Location     Type
		None
 Auto vars:     Size  Location     Type
		None
 Return value:  Size  Location     Type
                  1    wreg      void 
 Registers used:
		None
 Tracked objects:
		On entry : 
		On exit  : 
		Unchanged: 
 Data sizes:     COMRAM   BANK0   BANK1   BANK2   BANK3   BANK4   BANK5   BANK6   BANK7   BANK8   BANK9  BANK10  BANK11  BANK12  BANK13  BANK14  BANK15
      Params:         0       0       0       0       0       0       0       0       0       0       0       0       0       0       0       0       0
      Locals:         0       0       0       0       0       0       0       0       0       0       0       0       0       0       0       0       0
      Temps:          0       0       0       0       0       0       0       0       0       0       0       0       0       0       0       0       0
      Totals:         0       0       0       0       0       0       0       0       0       0       0       0       0       0       0       0       0
Total ram usage:        0 bytes
 Hardware stack levels used:    1
 This function calls:
		Nothing
 This function is called by:
		_TMR0_Initialize
		_TMR0_ISR
 This function uses a non-reentrant model


 *************** function _myTMR0ISR *****************
 Defined at:
		line 228 in file "main.c"
 Parameters:    Size  Location     Type
		None
 Auto vars:     Size  Location     Type
  micReading      2   12[COMRAM] unsigned short 
 Return value:  Size  Location     Type
                  1    wreg      void 
 Registers used:
		wreg, fsr2l, fsr2h, status,2, status,0, cstack
 Tracked objects:
		On entry : 
		On exit  : 
		Unchanged: 
 Data sizes:     COMRAM   BANK0   BANK1   BANK2   BANK3   BANK4   BANK5   BANK6   BANK7   BANK8   BANK9  BANK10  BANK11  BANK12  BANK13  BANK14  BANK15
      Params:         0       0       0       0       0       0       0       0       0       0       0       0       0       0       0       0       0
      Locals:         2       0       0       0       0       0       0       0       0       0       0       0       0       0       0       0       0
      Temps:          2       0       0       0       0       0       0       0       0       0       0       0       0       0       0       0       0
      Totals:         4       0       0       0       0       0       0       0       0       0       0       0       0       0       0       0       0
Total ram usage:        4 bytes
 Hardware stack levels used:    1
 Hardware stack levels required when called:    1
 This function calls:
		_TMR0_ReadTimer
		i2_TMR0_WriteTimer
 This function is called by:
		_main
		_TMR0_ISR
 This function uses a non-reentrant model


 *************** function i2_TMR0_WriteTimer *****************
 Defined at:
		line 122 in file "mcc_generated_files/tmr0.c"
 Parameters:    Size  Location     Type
  timerVal        2    8[COMRAM] unsigned short 
 Auto vars:     Size  Location     Type
		None
 Return value:  Size  Location     Type
                  1    wreg      void 
 Registers used:
		wreg, status,2
 Tracked objects:
		On entry : 
		On exit  : 
		Unchanged: 
 Data sizes:     COMRAM   BANK0   BANK1   BANK2   BANK3   BANK4   BANK5   BANK6   BANK7   BANK8   BANK9  BANK10  BANK11  BANK12  BANK13  BANK14  BANK15
      Params:         2       0       0       0       0       0       0       0       0       0       0       0       0       0       0       0       0
      Locals:         0       0       0       0       0       0       0       0       0       0       0       0       0       0       0       0       0
      Temps:          0       0       0       0       0       0       0       0       0       0       0       0       0       0       0       0       0
      Totals:         2       0       0       0       0       0       0       0       0       0       0       0       0       0       0       0       0
Total ram usage:        2 bytes
 Hardware stack levels used:    1
 This function calls:
		Nothing
 This function is called by:
		_myTMR0ISR
 This function uses a non-reentrant model


 *************** function _TMR0_ReadTimer *****************
 Defined at:
		line 109 in file "mcc_generated_files/tmr0.c"
 Parameters:    Size  Location     Type
		None
 Auto vars:     Size  Location     Type
  readVal         2    4[COMRAM] unsigned short 
  readValHigh     1    7[COMRAM] unsigned char 
  readValLow      1    6[COMRAM] unsigned char 
 Return value:  Size  Location     Type
                  2    0[COMRAM] unsigned short 
 Registers used:
		wreg, status,2
 Tracked objects:
		On entry : 
		On exit  : 
		Unchanged: 
 Data sizes:     COMRAM   BANK0   BANK1   BANK2   BANK3   BANK4   BANK5   BANK6   BANK7   BANK8   BANK9  BANK10  BANK11  BANK12  BANK13  BANK14  BANK15
      Params:         2       0       0       0       0       0       0       0       0       0       0       0       0       0       0       0       0
      Locals:         4       0       0       0       0       0       0       0       0       0       0       0       0       0       0       0       0
      Temps:          2       0       0       0       0       0       0       0       0       0       0       0       0       0       0       0       0
      Totals:         8       0       0       0       0       0       0       0       0       0       0       0       0       0       0       0       0
Total ram usage:        8 bytes
 Hardware stack levels used:    1
 This function calls:
		Nothing
 This function is called by:
		_myTMR0ISR
 This function uses a non-reentrant model



MODULE INFORMATION

Module		Function		Class		Link	Load	Size
C:\Program Files\Microchip\xc8\v2.30\pic\sources\c99\common\aomod.c
		___aomod       		CODE           	0D46	0000	356

C:\Program Files\Microchip\xc8\v2.30\pic\sources\c99\common\aomod.c estimated size: 356

C:\Program Files\Microchip\xc8\v2.30\pic\sources\c99\common\abs.c
		_abs           		CODE           	1472	0000	64

C:\Program Files\Microchip\xc8\v2.30\pic\sources\c99\common\abs.c estimated size: 64

C:\Program Files\Microchip\xc8\v2.30\pic\sources\c99\common\doprnt.c
		_vfpfcnvrt     		CODE           	0986	0000	568
		_pad           		CODE           	11B0	0000	194
		_ctoa          		CODE           	10DC	0000	212
		_dtoa          		CODE           	06A4	0000	738
		_vfprintf      		CODE           	137C	0000	100

C:\Program Files\Microchip\xc8\v2.30\pic\sources\c99\common\doprnt.c estimated size: 1812

C:\Program Files\Microchip\xc8\v2.30\pic\sources\c99\common\nf_fputs.c
		_fputs         		CODE           	142E	0000	68

C:\Program Files\Microchip\xc8\v2.30\pic\sources\c99\common\nf_fputs.c estimated size: 68

mcc_generated_files/interrupt_manager.c
		_INTERRUPT_Initialize		CODE           	170E	0000	4
		_INTERRUPT_InterruptManager		CODE           	0008	0000	70

mcc_generated_files/interrupt_manager.c estimated size: 74

C:\Program Files\Microchip\xc8\v2.30\pic\sources\c99\common\Umul16.c
		___wmul        		CODE           	160E	0000	38

C:\Program Files\Microchip\xc8\v2.30\pic\sources\c99\common\Umul16.c estimated size: 38

mcc_generated_files/tmr0.c
		_TMR0_SetInterruptHandler		CODE           	16DC	0000	10
		_TMR0_DefaultInterruptHandler		CODE           	1714	0000	2
		_TMR0_WriteTimer		CODE           	16D2	0000	10
		_TMR0_ReadTimer		CODE           	1634	0000	30
		_TMR0_ISR      		CODE           	155C	0000	54
		_TMR0_Initialize		CODE           	1526	0000	54

mcc_generated_files/tmr0.c estimated size: 160

mcc_generated_files/pin_manager.c
		_PIN_MANAGER_Initialize		CODE           	1592	0000	44

mcc_generated_files/pin_manager.c estimated size: 44

C:\Program Files\Microchip\xc8\v2.30\pic\sources\c99\common\aodiv.c
		___aodiv       		CODE           	0BBE	0000	392

C:\Program Files\Microchip\xc8\v2.30\pic\sources\c99\common\aodiv.c estimated size: 392

mcc_generated_files/adc.c
		_ADC_Initialize		CODE           	169E	0000	22

mcc_generated_files/adc.c estimated size: 22

C:\Program Files\Microchip\xc8\v2.30\pic\sources\c99\common\lwdiv.c
		___lwdiv       		CODE           	1308	0000	116

C:\Program Files\Microchip\xc8\v2.30\pic\sources\c99\common\lwdiv.c estimated size: 116

C:\Program Files\Microchip\xc8\v2.30\pic\sources\c99\common\aldiv.c
		___aldiv       		CODE           	0FD0	0000	268

C:\Program Files\Microchip\xc8\v2.30\pic\sources\c99\common\aldiv.c estimated size: 268

C:\Program Files\Microchip\xc8\v2.30\pic\sources\c99\common\printf.c
		_printf        		CODE           	15BE	0000	40

C:\Program Files\Microchip\xc8\v2.30\pic\sources\c99\common\printf.c estimated size: 40

shared
		i2_TMR0_WriteTimer		CODE           	1704	0000	10
		__initialization		CODE           	13E0	0000	68

shared estimated size: 78

C:\Program Files\Microchip\xc8\v2.30\pic\sources\c99\common\nf_fputc.c
		_fputc         		CODE           	1272	0000	150

C:\Program Files\Microchip\xc8\v2.30\pic\sources\c99\common\nf_fputc.c estimated size: 150

mcc_generated_files/eusart1.c
		_EUSART1_is_rx_ready		CODE           	16B4	0000	20
		_EUSART1_Initialize		CODE           	14B2	0000	62
		_putch         		CODE           	16C8	0000	10
		_EUSART1_SetFramingErrorHandler		CODE           	16F0	0000	10
		_EUSART1_Read  		CODE           	15E6	0000	40
		_EUSART1_SetOverrunErrorHandler		CODE           	16E6	0000	10
		_EUSART1_SetErrorHandler		CODE           	16FA	0000	10
		_EUSART1_Write 		CODE           	1688	0000	22

mcc_generated_files/eusart1.c estimated size: 184

mcc_generated_files/mcc.c
		_OSCILLATOR_Initialize		CODE           	1652	0000	28
		_SYSTEM_Initialize		CODE           	166E	0000	26

mcc_generated_files/mcc.c estimated size: 54

C:\Program Files\Microchip\xc8\v2.30\pic\sources\c99\common\strlen.c
		_strlen        		CODE           	14F0	0000	54

C:\Program Files\Microchip\xc8\v2.30\pic\sources\c99\common\strlen.c estimated size: 54

main.c
		_main          		CODE           	0052	0000	1618
		_myTMR0ISR     		CODE           	0EAA	0000	294

main.c estimated size: 1912

